// Jest Snapshot v1, https://goo.gl/fbAQLP

exports[`The Footer component should match snapshot 1`] = `
initialize {
  "0": Object {
    "attribs": Object {
      "class": "css-1xe7u6f",
    },
    "children": Array [
      Object {
        "attribs": Object {
          "class": "css-1mqj3gt",
          "href": "",
          "rel": "noopener noreferrer",
          "target": "_blank",
        },
        "children": Array [
          Object {
            "data": "Learn React",
            "next": null,
            "parent": [Circular],
            "prev": null,
            "type": "text",
          },
        ],
        "name": "a",
        "namespace": "http://www.w3.org/1999/xhtml",
        "next": null,
        "parent": [Circular],
        "prev": null,
        "type": "tag",
        "x-attribsNamespace": Object {
          "class": undefined,
          "href": undefined,
          "rel": undefined,
          "target": undefined,
        },
        "x-attribsPrefix": Object {
          "class": undefined,
          "href": undefined,
          "rel": undefined,
          "target": undefined,
        },
      },
    ],
    "name": "footer",
    "namespace": "http://www.w3.org/1999/xhtml",
    "next": null,
    "parent": null,
    "prev": null,
    "root": Object {
      "attribs": Object {},
      "children": Array [
        [Circular],
      ],
      "name": "root",
      "namespace": "http://www.w3.org/1999/xhtml",
      "next": null,
      "parent": null,
      "prev": null,
      "type": "root",
      "x-attribsNamespace": Object {},
      "x-attribsPrefix": Object {},
    },
    "type": "tag",
    "x-attribsNamespace": Object {
      "class": undefined,
    },
    "x-attribsPrefix": Object {
      "class": undefined,
    },
  },
  "_root": [Circular],
  "length": 1,
  "options": Object {
    "decodeEntities": true,
    "normalizeWhitespace": false,
    "withDomLvl1": true,
    "xml": false,
  },
}
`;
